// Vitest Snapshot v1, https://vitest.dev/guide/snapshot.html

exports[`design system tokens > exposes the expected token names 1`] = `
[
  "--action-bar-item-height",
  "--action-btn-gap",
  "--activity-contact-color",
  "--activity-email-color",
  "--activity-file-color",
  "--activity-invoice-color",
  "--activity-message-color",
  "--activity-project-color",
  "--activity-status-color",
  "--analytics-grid-min-width",
  "--animation-button-hover",
  "--animation-button-press",
  "--animation-card-enter",
  "--animation-card-exit",
  "--animation-card-flip",
  "--animation-card-hover",
  "--animation-card-scale",
  "--animation-fade-in",
  "--animation-fade-out",
  "--animation-input-error",
  "--animation-input-focus",
  "--animation-modal-backdrop",
  "--animation-modal-enter",
  "--animation-modal-exit",
  "--animation-nav-fade",
  "--animation-nav-slide",
  "--animation-pulse",
  "--animation-pulse-loading",
  "--animation-pulse-skeleton",
  "--animation-skeleton-shimmer",
  "--animation-spinner",
  "--animation-spinner-fast",
  "--animation-typing-bounce",
  "--app-color-danger",
  "--app-color-danger-dark",
  "--app-color-info",
  "--app-color-primary",
  "--app-color-primary-hover",
  "--app-color-purple",
  "--app-color-success",
  "--app-color-warning",
  "--app-color-warning-light",
  "--aside-width-medium",
  "--aside-width-narrow",
  "--aside-width-wide",
  "--blur-amount",
  "--blur-backdrop",
  "--blur-modal",
  "--border-radius-2xl",
  "--border-radius-3xl",
  "--border-radius-avatar",
  "--border-radius-badge",
  "--border-radius-button",
  "--border-radius-card",
  "--border-radius-full",
  "--border-radius-input",
  "--border-radius-lg",
  "--border-radius-md",
  "--border-radius-modal",
  "--border-radius-none",
  "--border-radius-sm",
  "--border-radius-xl",
  "--border-radius-xs",
  "--border-style-dashed",
  "--border-style-dotted",
  "--border-style-none",
  "--border-style-solid",
  "--border-width",
  "--border-width-0",
  "--border-width-2",
  "--border-width-4",
  "--border-width-8",
  "--border-width-heavy",
  "--border-width-px",
  "--border-width-thick",
  "--border-width-thin",
  "--bp-2xl",
  "--bp-lg",
  "--bp-md",
  "--bp-sm",
  "--bp-xl",
  "--bp-xs",
  "--breakpoint-2xl",
  "--breakpoint-lg",
  "--breakpoint-md",
  "--breakpoint-sm",
  "--breakpoint-xl",
  "--breakpoint-xs",
  "--btn-portal-border-color",
  "--btn-portal-color",
  "--btn-portal-hover-bg",
  "--btn-portal-hover-border",
  "--btn-portal-hover-color",
  "--btn-portal-icon-inner-size",
  "--btn-portal-icon-size",
  "--btn-portal-icon-size-sm",
  "--btn-portal-icon-size-xs",
  "--btn-portal-primary-bg",
  "--btn-portal-primary-border",
  "--btn-portal-primary-color",
  "--btn-portal-primary-hover-bg",
  "--btn-portal-primary-hover-border",
  "--btn-portal-primary-hover-color",
  "--btn-portal-secondary-bg",
  "--btn-portal-secondary-border",
  "--btn-portal-secondary-color",
  "--btn-portal-secondary-hover-bg",
  "--btn-portal-secondary-hover-border",
  "--btn-portal-secondary-hover-color",
  "--btn-size-sm",
  "--btn-table-icon-size",
  "--business-card-aspect-ratio",
  "--business-card-base-height",
  "--business-card-base-width",
  "--business-card-height-svg",
  "--business-card-large-height",
  "--business-card-large-width",
  "--business-card-medium-height",
  "--business-card-medium-width",
  "--business-card-small-height",
  "--business-card-small-width",
  "--business-card-tiny-height",
  "--business-card-tiny-width",
  "--business-card-width-svg",
  "--card-grid-gap",
  "--card-min-height-sm",
  "--cd-sidebar-width",
  "--chart-height",
  "--chart-height-md",
  "--chart-placeholder-min-height",
  "--cmd-palette-item-icon-size",
  "--cmd-palette-max-width",
  "--cmd-palette-search-icon-size",
  "--color-accent",
  "--color-accent-10",
  "--color-accent-hover",
  "--color-accent-rgb",
  "--color-admin-bg-end",
  "--color-admin-bg-start",
  "--color-admin-purple",
  "--color-admin-purple-dark",
  "--color-annotation-blue",
  "--color-annotation-green",
  "--color-annotation-red",
  "--color-annotation-yellow",
  "--color-bg-active",
  "--color-bg-elevated",
  "--color-bg-hover",
  "--color-bg-inverse",
  "--color-bg-overlay",
  "--color-bg-primary",
  "--color-bg-prominent",
  "--color-bg-raised",
  "--color-bg-readonly",
  "--color-bg-secondary",
  "--color-bg-tertiary",
  "--color-border",
  "--color-border-error",
  "--color-border-focus",
  "--color-border-light",
  "--color-border-primary",
  "--color-border-secondary",
  "--color-border-tertiary",
  "--color-brand-accent",
  "--color-brand-primary",
  "--color-brand-primary-rgb",
  "--color-brand-secondary",
  "--color-card-bg",
  "--color-card-bg-gradient-end",
  "--color-card-text",
  "--color-chart-grid",
  "--color-chart-primary",
  "--color-chart-quaternary",
  "--color-chart-secondary",
  "--color-chart-tertiary",
  "--color-chart-text",
  "--color-cyan",
  "--color-danger",
  "--color-danger-bg",
  "--color-danger-dark",
  "--color-danger-hover",
  "--color-danger-rgb",
  "--color-dark",
  "--color-error",
  "--color-error-500",
  "--color-error-600",
  "--color-error-dark",
  "--color-error-light",
  "--color-error-rgb",
  "--color-form-input-bg",
  "--color-gray-100",
  "--color-gray-200",
  "--color-gray-300",
  "--color-gray-400",
  "--color-gray-50",
  "--color-gray-500",
  "--color-gray-600",
  "--color-gray-700",
  "--color-gray-800",
  "--color-gray-900",
  "--color-gray-950",
  "--color-hover-bg",
  "--color-hover-border",
  "--color-hover-icon",
  "--color-hover-text",
  "--color-info",
  "--color-info-500",
  "--color-info-600",
  "--color-info-dark",
  "--color-info-light",
  "--color-interactive-primary",
  "--color-interactive-primary-active",
  "--color-interactive-primary-hover",
  "--color-interactive-secondary",
  "--color-interactive-secondary-active",
  "--color-interactive-secondary-hover",
  "--color-light",
  "--color-light-bg",
  "--color-light-border",
  "--color-light-text",
  "--color-light-text-muted",
  "--color-light-text-secondary",
  "--color-mac-close",
  "--color-mac-close-rgb",
  "--color-mac-maximize",
  "--color-mac-minimize",
  "--color-nav-text",
  "--color-neutral-100",
  "--color-neutral-200",
  "--color-neutral-300",
  "--color-neutral-400",
  "--color-neutral-500",
  "--color-neutral-600",
  "--color-neutral-700",
  "--color-neutral-800",
  "--color-neutral-900",
  "--color-off-white",
  "--color-overlay-dark",
  "--color-overlay-heavy",
  "--color-overlay-light",
  "--color-overlay-medium",
  "--color-overlay-muted",
  "--color-overlay-subtle",
  "--color-pink",
  "--color-primary",
  "--color-purple",
  "--color-role-technical",
  "--color-secondary",
  "--color-shadow",
  "--color-shadow-2xl",
  "--color-shadow-3xl",
  "--color-shadow-lg",
  "--color-shadow-md",
  "--color-shadow-sm",
  "--color-shadow-xl",
  "--color-skeleton-base",
  "--color-skeleton-highlight",
  "--color-state-active",
  "--color-state-disabled",
  "--color-state-hover",
  "--color-state-selected",
  "--color-status-archived",
  "--color-status-blue",
  "--color-status-completed",
  "--color-status-completed-bg",
  "--color-status-completed-border",
  "--color-status-completed-text",
  "--color-status-gray",
  "--color-status-gray-dark",
  "--color-status-hold-bg",
  "--color-status-hold-border",
  "--color-status-hold-text",
  "--color-status-new",
  "--color-status-overdue",
  "--color-status-overdue-bg",
  "--color-status-overdue-border",
  "--color-status-overdue-text",
  "--color-status-pending",
  "--color-status-pending-bg",
  "--color-status-pending-border",
  "--color-status-pending-text",
  "--color-status-progress-bg",
  "--color-status-progress-border",
  "--color-status-progress-text",
  "--color-status-read",
  "--color-status-responded",
  "--color-status-review-bg",
  "--color-status-review-border",
  "--color-status-review-text",
  "--color-success",
  "--color-success-500",
  "--color-success-600",
  "--color-success-dark",
  "--color-success-light",
  "--color-success-rgb",
  "--color-surface-elevated",
  "--color-surface-primary",
  "--color-surface-secondary",
  "--color-surface-tertiary",
  "--color-svg-text-left",
  "--color-svg-text-right",
  "--color-terminal-bg",
  "--color-terminal-bg-dark",
  "--color-terminal-bg-hover",
  "--color-terminal-bg-input",
  "--color-terminal-bg-light",
  "--color-terminal-bg-panel",
  "--color-terminal-blue",
  "--color-terminal-border",
  "--color-terminal-border-dark",
  "--color-terminal-cyan",
  "--color-terminal-green",
  "--color-terminal-green-dark",
  "--color-terminal-pink",
  "--color-terminal-red",
  "--color-terminal-scrollbar",
  "--color-terminal-scrollbar-hover",
  "--color-terminal-text",
  "--color-terminal-text-dim",
  "--color-terminal-text-dimmer",
  "--color-terminal-text-muted",
  "--color-text-brand",
  "--color-text-disabled",
  "--color-text-inverse",
  "--color-text-muted",
  "--color-text-primary",
  "--color-text-secondary",
  "--color-text-tertiary",
  "--color-warning",
  "--color-warning-500",
  "--color-warning-600",
  "--color-warning-dark",
  "--color-warning-light",
  "--color-warning-rgb",
  "--conditional-select-min-width",
  "--config-field-label-min-width",
  "--config-grid-min-width",
  "--config-overview-grid-min-width",
  "--config-textarea-min-height",
  "--contact-field-border-color",
  "--contact-field-border-width",
  "--contact-field-gap",
  "--contact-input-height",
  "--contact-input-width",
  "--contact-layout-height",
  "--contact-row-gap",
  "--contact-textarea-height",
  "--contact-textarea-width",
  "--container-2xl",
  "--container-lg",
  "--container-md",
  "--container-padding",
  "--container-sm",
  "--container-xl",
  "--container-xs",
  "--cubic-default",
  "--cubic-menu",
  "--dashboard-card-gap",
  "--dashboard-grid-gap",
  "--dashboard-panel-gap",
  "--dashboard-panel-padding",
  "--dashboard-section-gap",
  "--dashboard-title-margin",
  "--detail-message-max-height",
  "--detail-row-label-width",
  "--details-overlay-blur",
  "--details-panel-width",
  "--divider-size",
  "--divider-thin",
  "--drop-distance",
  "--dropdown-bg",
  "--dropdown-border-color",
  "--dropdown-border-width",
  "--dropdown-caret-gap",
  "--dropdown-caret-size",
  "--dropdown-font-family",
  "--dropdown-font-size",
  "--dropdown-font-weight",
  "--dropdown-item-height",
  "--dropdown-letter-spacing",
  "--dropdown-padding-x",
  "--dropdown-padding-y",
  "--dropdown-radius",
  "--dropdown-text-transform",
  "--duration-fast",
  "--duration-faster",
  "--duration-medium",
  "--duration-normal",
  "--duration-slow",
  "--duration-slower",
  "--easing-accelerated",
  "--easing-bounce",
  "--easing-decelerated",
  "--easing-default",
  "--easing-ease",
  "--easing-ease-in",
  "--easing-ease-in-out",
  "--easing-ease-out",
  "--easing-elastic",
  "--easing-emphasized",
  "--easing-linear",
  "--easing-sharp",
  "--easing-smooth",
  "--easing-smooth-sal",
  "--easing-spring",
  "--easing-standard",
  "--field-group-gap",
  "--field-label-value-gap",
  "--files-action-btn-min-width",
  "--files-browser-min-height",
  "--files-filter-date-min-width",
  "--files-filter-group-min-width",
  "--files-filter-select-max-width",
  "--files-folder-panel-width",
  "--files-folder-tree-max-height",
  "--files-grid-item-min-width",
  "--filter-invert-controls",
  "--focus-ring",
  "--focus-ring-color",
  "--focus-ring-offset",
  "--focus-ring-offset-inset",
  "--focus-ring-offset-sm",
  "--focus-ring-width",
  "--focus-ring-width-thick",
  "--font--acme",
  "--font-family-acme",
  "--font-family-display",
  "--font-family-mono",
  "--font-family-sans",
  "--font-family-serif",
  "--font-mono",
  "--font-size-2xl",
  "--font-size-2xs",
  "--font-size-3xl",
  "--font-size-4xl",
  "--font-size-5xl",
  "--font-size-base",
  "--font-size-base-px",
  "--font-size-lg",
  "--font-size-md",
  "--font-size-sm",
  "--font-size-xl",
  "--font-size-xs",
  "--font-weight-base",
  "--font-weight-bold",
  "--font-weight-extrabold",
  "--font-weight-light",
  "--font-weight-medium",
  "--font-weight-normal",
  "--font-weight-regular",
  "--font-weight-semibold",
  "--footer-height",
  "--form-btn-bg",
  "--form-btn-fg",
  "--form-btn-shadow",
  "--form-container-max-width",
  "--form-input-border",
  "--form-input-placeholder",
  "--gap",
  "--header-height",
  "--heading-card-color",
  "--heading-card-font-size",
  "--heading-card-font-weight",
  "--heading-card-letter-spacing",
  "--heading-font-family",
  "--heading-page-color",
  "--heading-page-font-size",
  "--heading-page-font-weight",
  "--heading-section-color",
  "--heading-section-font-size",
  "--heading-section-font-weight",
  "--heading-section-letter-spacing",
  "--heading-text-transform",
  "--help-contact-min-width",
  "--help-right-column-min-height",
  "--hover-lift-sm",
  "--icon-btn-size-lg",
  "--icon-btn-size-md",
  "--icon-btn-size-sm",
  "--icon-btn-size-xl",
  "--icon-container-lg",
  "--icon-gap",
  "--icon-gap-lg",
  "--icon-gap-md",
  "--icon-gap-sm",
  "--icon-gap-xl",
  "--icon-gap-xs",
  "--icon-size-2xl",
  "--icon-size-3xl",
  "--icon-size-lg",
  "--icon-size-md",
  "--icon-size-sm",
  "--icon-size-xl",
  "--icon-size-xs",
  "--icon-text-size",
  "--indicator-dot-md",
  "--indicator-dot-sm",
  "--inline-edit-compact-height",
  "--inline-edit-compact-padding-x",
  "--inline-edit-date-icon-size",
  "--inline-edit-date-min-width",
  "--inline-edit-icon-size",
  "--inline-edit-label-min-width",
  "--inline-edit-required-margin",
  "--inline-pill-height",
  "--input-icon-offset",
  "--input-width-search-table",
  "--kanban-board-min-height",
  "--kanban-column-min-width",
  "--kanban-column-offset",
  "--kanban-content-min-height",
  "--kanban-skeleton-height",
  "--label-color",
  "--label-font-size",
  "--label-font-weight",
  "--label-letter-spacing",
  "--label-text-transform",
  "--letter-spacing-extra-wide",
  "--letter-spacing-label",
  "--letter-spacing-label-wide",
  "--letter-spacing-normal",
  "--letter-spacing-tight",
  "--letter-spacing-tighter",
  "--letter-spacing-tightest",
  "--letter-spacing-title",
  "--letter-spacing-title-wide",
  "--letter-spacing-wide",
  "--letter-spacing-wider",
  "--letter-spacing-widest",
  "--line-height-none",
  "--line-height-normal",
  "--line-height-relaxed",
  "--line-height-snug",
  "--line-height-tight",
  "--list-gap",
  "--list-multiplier",
  "--logo-width-sidebar",
  "--max-width-2xl",
  "--max-width-3xl",
  "--max-width-4xl",
  "--max-width-5xl",
  "--max-width-6xl",
  "--max-width-7xl",
  "--max-width-full",
  "--max-width-lg",
  "--max-width-md",
  "--max-width-prose",
  "--max-width-screen",
  "--max-width-screen-2xl",
  "--max-width-screen-lg",
  "--max-width-screen-md",
  "--max-width-screen-sm",
  "--max-width-screen-xl",
  "--max-width-screen-xs",
  "--max-width-sm",
  "--max-width-xl",
  "--max-width-xs",
  "--menu-border-radius",
  "--menu-button-size",
  "--menu-gap",
  "--menu-heading-size",
  "--menu-height",
  "--menu-multiplier",
  "--menu-padding",
  "--menu-width-desktop",
  "--menu-width-mobile",
  "--menu-width-tablet",
  "--min-height-textarea",
  "--min-height-textarea-lg",
  "--modal-dropdown-item-height",
  "--modal-edge-padding",
  "--modal-input-height",
  "--modal-max-height",
  "--modal-width-lg",
  "--modal-width-md",
  "--modal-width-sm",
  "--modal-width-xl",
  "--nav-base-gap",
  "--notification-badge-offset",
  "--notification-badge-size",
  "--notification-dropdown-gap",
  "--notification-dropdown-max-height",
  "--notification-dropdown-mobile-bleed",
  "--notification-dropdown-width",
  "--notification-list-max-height",
  "--notification-unread-dot-size",
  "--opacity-completed",
  "--opacity-disabled",
  "--opacity-faint",
  "--opacity-high",
  "--opacity-inactive",
  "--opacity-muted",
  "--opacity-secondary",
  "--opacity-subtle",
  "--page-blur-amount",
  "--page-transition-duration",
  "--panel-min-height-sm",
  "--pd-dropdown-max-height",
  "--pd-truncate-filename-max-width",
  "--portal-alpha-black-04",
  "--portal-alpha-black-05",
  "--portal-alpha-black-10",
  "--portal-alpha-black-15",
  "--portal-alpha-black-20",
  "--portal-alpha-black-30",
  "--portal-alpha-black-40",
  "--portal-alpha-black-50",
  "--portal-alpha-black-60",
  "--portal-alpha-black-70",
  "--portal-alpha-black-80",
  "--portal-alpha-danger-10",
  "--portal-alpha-primary-08",
  "--portal-alpha-primary-10",
  "--portal-alpha-primary-20",
  "--portal-alpha-primary-25",
  "--portal-alpha-success-10",
  "--portal-alpha-success-15",
  "--portal-alpha-success-25",
  "--portal-alpha-warning-10",
  "--portal-alpha-white-02",
  "--portal-alpha-white-04",
  "--portal-alpha-white-05",
  "--portal-alpha-white-08",
  "--portal-alpha-white-10",
  "--portal-alpha-white-15",
  "--portal-alpha-white-20",
  "--portal-alpha-white-25",
  "--portal-alpha-white-30",
  "--portal-alpha-white-50",
  "--portal-bg",
  "--portal-border",
  "--portal-btn-bg",
  "--portal-btn-border",
  "--portal-btn-border-bottom-width",
  "--portal-btn-border-color",
  "--portal-btn-border-radius",
  "--portal-btn-border-width",
  "--portal-btn-color",
  "--portal-btn-danger-bg",
  "--portal-btn-danger-border",
  "--portal-btn-danger-color",
  "--portal-btn-danger-hover-bg",
  "--portal-btn-danger-hover-border",
  "--portal-btn-danger-hover-color",
  "--portal-btn-font-family",
  "--portal-btn-font-size",
  "--portal-btn-font-weight",
  "--portal-btn-hover-bg",
  "--portal-btn-hover-border",
  "--portal-btn-hover-color",
  "--portal-btn-icon-inner-size",
  "--portal-btn-icon-inner-size-sm",
  "--portal-btn-icon-radius",
  "--portal-btn-icon-size",
  "--portal-btn-icon-size-sm",
  "--portal-btn-icon-size-xs",
  "--portal-btn-letter-spacing",
  "--portal-btn-min-height",
  "--portal-btn-padding",
  "--portal-btn-padding-x",
  "--portal-btn-padding-y",
  "--portal-btn-shadow",
  "--portal-btn-shadow-focus",
  "--portal-btn-shadow-hover",
  "--portal-btn-sm-font-size",
  "--portal-btn-sm-min-height",
  "--portal-btn-sm-padding-x",
  "--portal-btn-sm-padding-y",
  "--portal-btn-text-transform",
  "--portal-btn-transition",
  "--portal-card-padding",
  "--portal-dropdown-min-width",
  "--portal-field-group-gap",
  "--portal-field-label-gap",
  "--portal-files-sidebar-width",
  "--portal-header-height",
  "--portal-header-height-line",
  "--portal-header-top",
  "--portal-input-border",
  "--portal-list-item-padding",
  "--portal-nav-font-size",
  "--portal-nav-gap",
  "--portal-neutral-0",
  "--portal-neutral-100",
  "--portal-neutral-200",
  "--portal-neutral-300",
  "--portal-neutral-400",
  "--portal-neutral-50",
  "--portal-neutral-500",
  "--portal-neutral-600",
  "--portal-neutral-700",
  "--portal-neutral-800",
  "--portal-neutral-900",
  "--portal-page-bottom",
  "--portal-page-top",
  "--portal-panel-padding-x",
  "--portal-placeholder-color",
  "--portal-radius-pill",
  "--portal-section-gap",
  "--portal-section-heading-padding",
  "--portal-subtab-family",
  "--portal-subtab-size",
  "--portal-subtab-spacing",
  "--portal-subtab-transform",
  "--portal-subtab-weight",
  "--progress-bar-height",
  "--progress-bar-height-lg",
  "--progress-bar-height-sm",
  "--progress-track-height",
  "--questionnaire-builder-min-height",
  "--questionnaire-modal-max-width",
  "--ring",
  "--scrollbar-width",
  "--search-input-max-width",
  "--section-heading-size",
  "--section-padding",
  "--select-caret",
  "--select-caret-light",
  "--shadow-2xl",
  "--shadow-brand-lg",
  "--shadow-brand-md",
  "--shadow-brand-sm",
  "--shadow-button",
  "--shadow-button-active",
  "--shadow-button-dark",
  "--shadow-button-focus",
  "--shadow-button-hover",
  "--shadow-button-pressed",
  "--shadow-button-rest",
  "--shadow-card",
  "--shadow-card-active",
  "--shadow-card-hover",
  "--shadow-card-rest",
  "--shadow-content",
  "--shadow-dropdown",
  "--shadow-dropdown-xl",
  "--shadow-elevated-dark",
  "--shadow-elevated-lg",
  "--shadow-elevated-md",
  "--shadow-elevated-sm",
  "--shadow-elevated-xl",
  "--shadow-error",
  "--shadow-inner",
  "--shadow-input-error",
  "--shadow-input-focus",
  "--shadow-input-rest",
  "--shadow-inset",
  "--shadow-inset-light",
  "--shadow-lg",
  "--shadow-md",
  "--shadow-modal",
  "--shadow-nav",
  "--shadow-nav-mobile",
  "--shadow-none",
  "--shadow-panel",
  "--shadow-sidebar",
  "--shadow-sm",
  "--shadow-spread",
  "--shadow-success",
  "--shadow-terminal",
  "--shadow-tooltip",
  "--shadow-warning",
  "--shadow-xl",
  "--shadow-xs",
  "--sidebar-collapsed-width",
  "--sidebar-icon-indent",
  "--sidebar-icon-size",
  "--sidebar-width-collapsed",
  "--sidebar-width-default",
  "--sidebar-width-min",
  "--sidebar-width-open",
  "--size-container",
  "--space-0",
  "--space-0-25",
  "--space-0-5",
  "--space-1",
  "--space-1-5",
  "--space-10",
  "--space-11",
  "--space-12",
  "--space-14",
  "--space-16",
  "--space-2",
  "--space-2-5",
  "--space-20",
  "--space-24",
  "--space-28",
  "--space-3",
  "--space-3-5",
  "--space-32",
  "--space-4",
  "--space-4-5",
  "--space-5",
  "--space-6",
  "--space-7",
  "--space-8",
  "--space-9",
  "--space-base",
  "--space-fluid-2xl",
  "--space-fluid-lg",
  "--space-fluid-md",
  "--space-fluid-sm",
  "--space-fluid-xl",
  "--space-fluid-xs",
  "--space-neg-px",
  "--space-px",
  "--stagger-delay",
  "--stat-card-min-height",
  "--status-active",
  "--status-active-bg",
  "--status-active-rgb",
  "--status-cancelled",
  "--status-cancelled-bg",
  "--status-cancelled-rgb",
  "--status-completed",
  "--status-completed-bg",
  "--status-completed-rgb",
  "--status-dot-gap",
  "--status-dot-size",
  "--status-dropdown-width",
  "--status-inactive",
  "--status-inactive-bg",
  "--status-inactive-rgb",
  "--status-new",
  "--status-new-bg",
  "--status-new-rgb",
  "--status-on-hold",
  "--status-on-hold-bg",
  "--status-on-hold-rgb",
  "--status-pending",
  "--status-pending-bg",
  "--status-pending-rgb",
  "--status-qualified",
  "--status-qualified-bg",
  "--status-qualified-rgb",
  "--svg-stroke-width",
  "--table-action-icon-size",
  "--table-actions-gap",
  "--table-bg",
  "--table-border-color",
  "--table-cell-color",
  "--table-cell-font-size",
  "--table-cell-max-width",
  "--table-cell-padding-x",
  "--table-cell-padding-y",
  "--table-checkbox-width",
  "--table-col-lg",
  "--table-col-md",
  "--table-col-sm",
  "--table-col-xl",
  "--table-col-xs",
  "--table-compact-max-width",
  "--table-header-color",
  "--table-header-font-size",
  "--table-header-font-weight",
  "--table-header-height",
  "--table-header-letter-spacing",
  "--table-icon-size",
  "--table-identity-max-width",
  "--table-mobile-card-gap",
  "--table-mobile-card-padding",
  "--table-mobile-identity-tertiary-size",
  "--table-mobile-label-padding",
  "--table-mobile-label-width",
  "--table-name-max-width",
  "--table-outer-padding",
  "--table-pagination-btn-size",
  "--table-pagination-btn-size-touch",
  "--table-row-height",
  "--table-sort-indicator-size",
  "--table-truncate-max-width",
  "--tasks-kanban-board-offset",
  "--tasks-kanban-column-min-width",
  "--tasks-kanban-column-offset",
  "--tasks-progress-track-max-width",
  "--tasks-textarea-min-height",
  "--terminal-font-family",
  "--terminal-line-height",
  "--theme-button-size",
  "--toast-max-width",
  "--toast-min-width",
  "--tooltip-arrow-size",
  "--tooltip-max-width",
  "--tooltip-max-width-sm",
  "--transform-scale-press",
  "--transition-enter",
  "--transition-exit",
  "--transition-fast",
  "--transition-faster",
  "--transition-length",
  "--transition-long",
  "--transition-medium",
  "--transition-mouse",
  "--transition-normal",
  "--transition-slow",
  "--transition-slower",
  "--transition-theme",
  "--z-header",
  "--z-index-0",
  "--z-index-1",
  "--z-index-10",
  "--z-index-20",
  "--z-index-30",
  "--z-index-40",
  "--z-index-50",
  "--z-index-base",
  "--z-index-behind",
  "--z-index-business-card",
  "--z-index-business-card-modal",
  "--z-index-business-card-overlay",
  "--z-index-content",
  "--z-index-debug",
  "--z-index-dropdown",
  "--z-index-elevated",
  "--z-index-fixed",
  "--z-index-footer",
  "--z-index-intro",
  "--z-index-loading",
  "--z-index-max",
  "--z-index-modal",
  "--z-index-modal-backdrop",
  "--z-index-nav",
  "--z-index-nav-backdrop",
  "--z-index-nav-dropdown",
  "--z-index-nav-header",
  "--z-index-nav-menu",
  "--z-index-nav-menu-content",
  "--z-index-nav-overlay",
  "--z-index-overlay",
  "--z-index-popover",
  "--z-index-portal-base",
  "--z-index-portal-confirm",
  "--z-index-portal-dropdown",
  "--z-index-portal-header",
  "--z-index-portal-modal",
  "--z-index-portal-overlay",
  "--z-index-portal-sidebar",
  "--z-index-portal-toast",
  "--z-index-skip-link",
  "--z-index-sticky",
  "--z-index-toast",
  "--z-index-tooltip",
  "--z-modal",
  "--z-nav",
]
`;

exports[`design system tokens > holds the literal palette and scales steady 1`] = `
[
  "--analytics-grid-min-width: 260px",
  "--animation-card-flip: 0.8s var(--easing-smooth)",
  "--animation-pulse-loading: 1.5s var(--easing-ease-in-out) infinite",
  "--animation-pulse-skeleton: 2s var(--easing-ease-in-out) infinite",
  "--animation-pulse: 2s var(--easing-smooth) infinite alternate",
  "--animation-skeleton-shimmer: 1.5s var(--easing-ease-in-out) infinite",
  "--animation-spinner-fast: 0.8s var(--easing-linear) infinite",
  "--animation-spinner: 1s var(--easing-linear) infinite",
  "--animation-typing-bounce: 1.4s var(--easing-ease-in-out) infinite both",
  "--aside-width-medium: 280px",
  "--aside-width-narrow: 240px",
  "--aside-width-wide: 320px",
  "--blur-amount: 4px",
  "--blur-backdrop: 4px",
  "--blur-modal: 8px",
  "--border-radius-2xl: 0",
  "--border-radius-3xl: 0",
  "--border-radius-badge: 0",
  "--border-radius-button: 0",
  "--border-radius-card: 0",
  "--border-radius-full: 9999px",
  "--border-radius-input: 0",
  "--border-radius-lg: 0",
  "--border-radius-md: 0",
  "--border-radius-modal: 0",
  "--border-radius-none: 0",
  "--border-radius-sm: 0",
  "--border-radius-xl: 0",
  "--border-radius-xs: 0",
  "--border-style-dashed: dashed",
  "--border-style-dotted: dotted",
  "--border-style-none: none",
  "--border-style-solid: solid",
  "--border-width-0: 0",
  "--border-width-2: 2px",
  "--border-width-4: 4px",
  "--border-width-8: 8px",
  "--border-width-heavy: 4px",
  "--border-width-px: 1px",
  "--border-width-thick: 3px",
  "--border-width-thin: 1px",
  "--border-width: 2px",
  "--bp-2xl: 1400px",
  "--bp-lg: 992px",
  "--bp-md: 768px",
  "--bp-sm: 576px",
  "--bp-xl: 1200px",
  "--bp-xs: 320px",
  "--breakpoint-2xl: 1536px",
  "--breakpoint-lg: 1024px",
  "--breakpoint-md: 768px",
  "--breakpoint-sm: 640px",
  "--breakpoint-xl: 1280px",
  "--breakpoint-xs: 475px",
  "--btn-portal-icon-inner-size: 14px",
  "--btn-portal-icon-size-sm: 28px",
  "--btn-portal-icon-size-xs: 24px",
  "--btn-portal-icon-size: 32px",
  "--btn-portal-primary-bg: transparent",
  "--btn-portal-secondary-bg: transparent",
  "--btn-size-sm: 28px",
  "--btn-table-icon-size: 24px",
  "--business-card-aspect-ratio: 1.784582",
  "--business-card-base-height: calc( var(--business-card-base-width) / var(--business-card-aspect-ratio) )",
  "--business-card-base-width: 35vw",
  "--business-card-height-svg: 599.3",
  "--business-card-large-height: calc( var(--business-card-large-width) / var(--business-card-aspect-ratio) )",
  "--business-card-large-width: 525px",
  "--business-card-medium-height: calc( var(--business-card-medium-width) / var(--business-card-aspect-ratio) )",
  "--business-card-medium-width: 420px",
  "--business-card-small-height: calc( var(--business-card-small-width) / var(--business-card-aspect-ratio) )",
  "--business-card-small-width: 350px",
  "--business-card-tiny-height: calc( var(--business-card-tiny-width) / var(--business-card-aspect-ratio) )",
  "--business-card-tiny-width: 280px",
  "--business-card-width-svg: 1069.5",
  "--card-min-height-sm: 120px",
  "--cd-sidebar-width: 300px",
  "--chart-height-md: 200px",
  "--chart-height: 320px",
  "--chart-placeholder-min-height: 200px",
  "--cmd-palette-max-width: calc(var(--space-base) * 70)",
  "--color-accent-10: rgba(var(--color-brand-primary-rgb), 0.1)",
  "--color-admin-bg-end: #444444",
  "--color-admin-bg-start: #444444",
  "--color-admin-purple-dark: #9333ea",
  "--color-admin-purple: #a855f7",
  "--color-annotation-blue: #3b82f6",
  "--color-annotation-green: #22c55e",
  "--color-annotation-red: #ef4444",
  "--color-annotation-yellow: #eab308",
  "--color-bg-active: color-mix(in srgb, var(--color-bg-primary), var(--color-text-primary) 15%)",
  "--color-bg-hover: color-mix(in srgb, var(--color-bg-primary), var(--color-text-primary) 6%)",
  "--color-bg-overlay: rgba(0, 0, 0, 0.5)",
  "--color-bg-primary: #171717",
  "--color-border-light: #e0e0e0",
  "--color-border-primary: #000000",
  "--color-border-primary: #ffffff",
  "--color-border: #000000",
  "--color-brand-accent: #dc2626",
  "--color-brand-primary-rgb: 220, 38, 38",
  "--color-brand-primary: #dc2626",
  "--color-brand-secondary: #10b981",
  "--color-card-bg-gradient-end: #f8f9fa",
  "--color-card-text: #333333",
  "--color-chart-quaternary: #9ca3af",
  "--color-chart-secondary: #22c55e",
  "--color-chart-tertiary: #f59e0b",
  "--color-cyan: #22d3ee",
  "--color-danger-bg: #dc2626",
  "--color-danger-dark: #ff4757",
  "--color-danger-hover: #b91c1c",
  "--color-danger-rgb: 220, 38, 38",
  "--color-danger: #dc2626",
  "--color-dark: #333333",
  "--color-dark: #e0e0e0",
  "--color-error-500: #ef4444",
  "--color-error-600: #dc2626",
  "--color-error-dark: #991b1b",
  "--color-error-light: #fee2e2",
  "--color-error-rgb: 239, 68, 68",
  "--color-error: #dc2626",
  "--color-form-input-bg: #333333",
  "--color-gray-100: #f5f5f5",
  "--color-gray-200: #e0e0e0",
  "--color-gray-300: #d4d4d4",
  "--color-gray-400: #a3a3a3",
  "--color-gray-500: #737373",
  "--color-gray-50: #fafafa",
  "--color-gray-600: #525252",
  "--color-gray-700: #404040",
  "--color-gray-800: #262626",
  "--color-gray-900: #171717",
  "--color-gray-950: #0a0a0a",
  "--color-info-500: #3b82f6",
  "--color-info-600: #2563eb",
  "--color-info-dark: #1d4ed8",
  "--color-info-light: #dbeafe",
  "--color-info: #3b82f6",
  "--color-interactive-primary-active: #991b1b",
  "--color-interactive-primary-hover: #b91c1c",
  "--color-light-bg: #e0e0e0",
  "--color-light-border: #d4d4d4",
  "--color-light-text-muted: #737373",
  "--color-light-text-secondary: #525252",
  "--color-light-text: #171717",
  "--color-light: #1a1a1a",
  "--color-light: #ffffff",
  "--color-mac-close-rgb: 255, 95, 86",
  "--color-mac-close: #ff5f56",
  "--color-mac-maximize: #27ca40",
  "--color-mac-minimize: #ffbd2e",
  "--color-nav-text: #333333",
  "--color-neutral-100: #3a3a3a",
  "--color-neutral-100: #fffdfc",
  "--color-neutral-100: color-mix(in srgb, var(--color-bg-primary), var(--color-text-primary) 10%)",
  "--color-neutral-200: #3a3a3a",
  "--color-neutral-200: color-mix(in srgb, var(--color-bg-primary), var(--color-text-primary) 4%)",
  "--color-neutral-300: #333333",
  "--color-neutral-300: #e0e0e0",
  "--color-neutral-400: color-mix(in srgb, var(--color-bg-primary), var(--color-text-primary) 47%)",
  "--color-neutral-500: color-mix(in srgb, var(--color-bg-primary), var(--color-text-primary) 63%)",
  "--color-neutral-600: color-mix(in srgb, var(--color-bg-primary), var(--color-text-primary) 75%)",
  "--color-neutral-700: #d0d0d0",
  "--color-neutral-700: color-mix(in srgb, var(--color-bg-primary), var(--color-text-primary) 88%)",
  "--color-neutral-800: #f0f0f0",
  "--color-neutral-800: color-mix(in srgb, var(--color-bg-primary), var(--color-text-primary) 96%)",
  "--color-neutral-900: #f5f5f5",
  "--color-off-white: #e0e0e0",
  "--color-overlay-dark: rgba(0, 0, 0, 0.85)",
  "--color-overlay-heavy: rgba(0, 0, 0, 0.8)",
  "--color-overlay-light: rgba(0, 0, 0, 0.5)",
  "--color-overlay-medium: rgba(0, 0, 0, 0.7)",
  "--color-overlay-muted: rgba(0, 0, 0, 0.25)",
  "--color-overlay-subtle: rgba(0, 0, 0, 0.05)",
  "--color-pink: #f472b6",
  "--color-purple: #c084fc",
  "--color-role-technical: #ea580c",
  "--color-shadow-2xl: rgba(0, 0, 0, 0.3)",
  "--color-shadow-3xl: rgba(0, 0, 0, 0.5)",
  "--color-shadow-lg: rgba(0, 0, 0, 0.15)",
  "--color-shadow-lg: rgba(0, 0, 0, 0.7)",
  "--color-shadow-md: rgba(0, 0, 0, 0.1)",
  "--color-shadow-md: rgba(0, 0, 0, 0.5)",
  "--color-shadow-sm: rgba(0, 0, 0, 0.05)",
  "--color-shadow-sm: rgba(0, 0, 0, 0.3)",
  "--color-shadow-xl: rgba(0, 0, 0, 0.25)",
  "--color-shadow-xl: rgba(0, 0, 0, 0.9)",
  "--color-shadow: rgba(0, 0, 0, 0.2)",
  "--color-shadow: rgba(0, 0, 0, 1)",
  "--color-skeleton-base: #2a2a2a",
  "--color-skeleton-highlight: #3a3a3a",
  "--color-state-active: rgba(0, 0, 0, 0.1)",
  "--color-state-active: rgba(255, 255, 255, 0.15)",
  "--color-state-hover: rgba(0, 0, 0, 0.05)",
  "--color-state-hover: rgba(255, 255, 255, 0.1)",
  "--color-state-selected: rgba(0, 0, 0, 0.08)",
  "--color-state-selected: rgba(255, 255, 255, 0.2)",
  "--color-status-blue: #3b82f6",
  "--color-status-completed-bg: #d1fae5",
  "--color-status-completed-border: #10b981",
  "--color-status-completed-text: #065f46",
  "--color-status-gray-dark: #6b7280",
  "--color-status-gray: #9ca3af",
  "--color-status-hold-bg: #f3f4f6",
  "--color-status-hold-border: #6b7280",
  "--color-status-hold-text: #374151",
  "--color-status-overdue-bg: #fee2e2",
  "--color-status-overdue-border: #dc2626",
  "--color-status-overdue-text: #991b1b",
  "--color-status-pending-bg: #fef3cd",
  "--color-status-pending-border: #f59e0b",
  "--color-status-pending-text: #92400e",
  "--color-status-progress-bg: #dbeafe",
  "--color-status-progress-border: #3b82f6",
  "--color-status-progress-text: #1e40af",
  "--color-status-review-bg: #ede9fe",
  "--color-status-review-border: #8b5cf6",
  "--color-status-review-text: #6b21a8",
  "--color-success-500: #10b981",
  "--color-success-600: #059669",
  "--color-success-dark: #047857",
  "--color-success-light: #d1fae5",
  "--color-success-rgb: 16, 185, 129",
  "--color-success: #10b981",
  "--color-svg-text-left: #333333",
  "--color-svg-text-left: #d5d5d5",
  "--color-svg-text-right: #222222",
  "--color-svg-text-right: #9a9a9a",
  "--color-terminal-bg-dark: #222222",
  "--color-terminal-bg-hover: #1a1a1a",
  "--color-terminal-bg-input: #050505",
  "--color-terminal-bg-light: #0d0d0d",
  "--color-terminal-bg-panel: #0a0a0a",
  "--color-terminal-bg: #000000",
  "--color-terminal-blue: #268bd2",
  "--color-terminal-border-dark: #000000",
  "--color-terminal-border: #2a2a2a",
  "--color-terminal-cyan: #88def2",
  "--color-terminal-green-dark: #5cb800",
  "--color-terminal-green: #7ff709",
  "--color-terminal-pink: #ec4891",
  "--color-terminal-red: #ff4444",
  "--color-terminal-scrollbar-hover: #3a3a3a",
  "--color-terminal-scrollbar: #2a2a2a",
  "--color-terminal-text-dim: #606060",
  "--color-terminal-text-dimmer: #404040",
  "--color-terminal-text-muted: #808080",
  "--color-terminal-text: #e0e8f0",
  "--color-text-primary: #000000",
  "--color-text-primary: #333333",
  "--color-text-primary: #ffffff",
  "--color-text-secondary: #000000",
  "--color-text-secondary: #ffffff",
  "--color-warning-500: #f59e0b",
  "--color-warning-600: #d97706",
  "--color-warning-dark: #d97706",
  "--color-warning-light: #fef3c7",
  "--color-warning-rgb: 245, 158, 11",
  "--color-warning: #fbbf24",
  "--conditional-select-min-width: 150px",
  "--config-field-label-min-width: 64px",
  "--config-grid-min-width: 280px",
  "--config-overview-grid-min-width: 180px",
  "--config-textarea-min-height: 72px",
  "--contact-field-gap: 0",
  "--contact-input-height: clamp(52px, 14vw, 60px)",
  "--contact-input-width: min(520px, 100%)",
  "--contact-layout-height: 480px",
  "--contact-row-gap: 0",
  "--contact-textarea-height: 175px",
  "--contact-textarea-width: min(520px, 100%)",
  "--container-2xl: 1536px",
  "--container-lg: 1024px",
  "--container-md: 768px",
  "--container-padding: clamp(1rem, 4vw, 2rem)",
  "--container-sm: 640px",
  "--container-xl: 1280px",
  "--container-xs: 100%",
  "--cubic-default: cubic-bezier(0.4, 0, 0.2, 1)",
  "--cubic-menu: cubic-bezier(0.65, 0.05, 0, 1)",
  "--detail-message-max-height: 200px",
  "--detail-row-label-width: 140px",
  "--details-overlay-blur: 8px",
  "--details-panel-width: 500px",
  "--divider-size: 2px",
  "--divider-thin: 1px",
  "--drop-distance: 20px",
  "--dropdown-font-family: inherit",
  "--dropdown-font-size: inherit",
  "--dropdown-font-weight: inherit",
  "--dropdown-letter-spacing: inherit",
  "--dropdown-text-transform: none",
  "--duration-fast: 0.2s",
  "--duration-faster: 0.15s",
  "--duration-medium: 0.3s",
  "--duration-normal: 0.3s",
  "--duration-slow: 0.4s",
  "--duration-slower: 0.5s",
  "--easing-accelerated: cubic-bezier(0.4, 0, 1, 1)",
  "--easing-bounce: cubic-bezier(0.68, -0.55, 0.265, 1.55)",
  "--easing-decelerated: cubic-bezier(0, 0, 0.2, 1)",
  "--easing-ease-in-out: ease-in-out",
  "--easing-ease-in: ease-in",
  "--easing-ease-out: ease-out",
  "--easing-ease: ease",
  "--easing-elastic: cubic-bezier(0.175, 0.885, 0.32, 1.275)",
  "--easing-emphasized: cubic-bezier(0.2, 0, 0, 1)",
  "--easing-linear: linear",
  "--easing-sharp: cubic-bezier(0.4, 0, 0.6, 1)",
  "--easing-smooth-sal: cubic-bezier(0.3, 0.9, 0.3, 0.9)",
  "--easing-smooth: cubic-bezier(0.4, 0, 0.2, 1)",
  "--easing-spring: cubic-bezier(0.25, 0.1, 0.25, 3.5)",
  "--easing-standard: cubic-bezier(0.2, 0, 0, 1)",
  "--field-label-value-gap: calc(var(--space-px) * 2)",
  "--files-action-btn-min-width: 90px",
  "--files-browser-min-height: 300px",
  "--files-filter-date-min-width: 120px",
  "--files-filter-group-min-width: 140px",
  "--files-filter-select-max-width: 300px",
  "--files-folder-panel-width: 220px",
  "--files-folder-tree-max-height: 150px",
  "--files-grid-item-min-width: 150px",
  "--filter-invert-controls: invert(1)",
  "--filter-invert-controls: none",
  "--focus-ring-offset-inset: -2px",
  "--focus-ring-offset-sm: 2px",
  "--focus-ring-width-thick: 2px",
  "--focus-ring-width: 1px",
  "--focus-ring: 0 0 0 var(--focus-ring-width) var(--focus-ring-color)",
  "--font--acme: "Acme", sans-serif",
  "--font-family-display: "Cormorant Garamond", Georgia, serif",
  "--font-family-mono: "Inconsolata", ui-monospace, "Cascadia Code", "Source Code Pro", Menlo, monospace",
  "--font-family-sans: "Inconsolata", ui-monospace, "Cascadia Code", "Source Code Pro", Menlo, monospace",
  "--font-family-serif: "Cormorant Garamond", Georgia, Cambria, "Times New Roman", Times, serif",
  "--font-size-2xl: clamp(1.5rem, 1.25rem + 1.25vw, 2rem)",
  "--font-size-2xs: clamp(0.625rem, 0.6rem + 0.125vw, 0.6875rem)",
  "--font-size-3xl: clamp(1.875rem, 1.5rem + 1.875vw, 2.5rem)",
  "--font-size-4xl: clamp(2.25rem, 1.75rem + 2.5vw, 3rem)",
  "--font-size-5xl: clamp(3rem, 2rem + 5vw, 4rem)",
  "--font-size-base-px: 16",
  "--font-size-lg: clamp(1.125rem, 1.05rem + 0.375vw, 1.25rem)",
  "--font-size-md: clamp(1rem, 0.95rem + 0.25vw, 1.125rem)",
  "--font-size-sm: clamp(0.875rem, 0.825rem + 0.25vw, 1rem)",
  "--font-size-xl: clamp(1.25rem, 1.125rem + 0.625vw, 1.5rem)",
  "--font-size-xs: clamp(0.75rem, 0.7rem + 0.25vw, 0.875rem)",
  "--font-weight-base: 400",
  "--font-weight-bold: 700",
  "--font-weight-extrabold: 800",
  "--font-weight-light: 300",
  "--font-weight-medium: 500",
  "--font-weight-normal: 400",
  "--font-weight-regular: 400",
  "--font-weight-semibold: 600",
  "--footer-height: 40px",
  "--form-btn-bg: #333333",
  "--form-btn-bg: #e0e0e0",
  "--form-btn-fg: #2a2a2a",
  "--form-btn-shadow: rgba(0, 0, 0, 0.2)",
  "--form-btn-shadow: rgba(0, 0, 0, 0.3)",
  "--form-container-max-width: 420px",
  "--form-input-border: #333333",
  "--form-input-border: #e0e0e0",
  "--form-input-placeholder: #666666",
  "--form-input-placeholder: #999999",
  "--gap: clamp(0.75rem, 3vw, 1.5rem)",
  "--header-height: 60px",
  "--heading-text-transform: uppercase",
  "--help-contact-min-width: 200px",
  "--help-right-column-min-height: 400px",
  "--hover-lift-sm: -2px",
  "--icon-btn-size-lg: 40px",
  "--icon-btn-size-md: 36px",
  "--icon-btn-size-sm: 28px",
  "--icon-btn-size-xl: 48px",
  "--icon-gap-lg: 16px",
  "--icon-gap-md: 12px",
  "--icon-gap-sm: 10px",
  "--icon-gap-xl: 20px",
  "--icon-gap-xs: 8px",
  "--icon-gap: clamp(8px, 0.75vw, 10px)",
  "--icon-size-2xl: 32px",
  "--icon-size-3xl: 64px",
  "--icon-size-lg: 20px",
  "--icon-size-md: 16px",
  "--icon-size-sm: 14px",
  "--icon-size-xl: 24px",
  "--icon-size-xs: 12px",
  "--indicator-dot-md: 10px",
  "--indicator-dot-sm: 6px",
  "--inline-edit-compact-height: 22px",
  "--inline-edit-compact-padding-x: 6px",
  "--inline-edit-date-icon-size: 13px",
  "--inline-edit-date-min-width: 130px",
  "--inline-edit-icon-size: 10px",
  "--inline-edit-label-min-width: 140px",
  "--inline-edit-required-margin: 2px",
  "--inline-pill-height: 18px",
  "--input-icon-offset: calc(var(--icon-size-md) + var(--space-2-5))",
  "--input-width-search-table: 180px",
  "--kanban-board-min-height: 500px",
  "--kanban-column-min-width: 200px",
  "--kanban-column-offset: 320px",
  "--kanban-content-min-height: 120px",
  "--kanban-skeleton-height: 256px",
  "--label-text-transform: uppercase",
  "--letter-spacing-extra-wide: 0.08em",
  "--letter-spacing-label-wide: 0.05em",
  "--letter-spacing-normal: 0",
  "--letter-spacing-tight: -0.025em",
  "--letter-spacing-tighter: -0.05em",
  "--letter-spacing-tightest: -0.09em",
  "--letter-spacing-title-wide: 0.02em",
  "--letter-spacing-wide: 0.025em",
  "--letter-spacing-wider: 0.05em",
  "--letter-spacing-widest: 0.1em",
  "--line-height-none: 1",
  "--line-height-normal: 1.5",
  "--line-height-relaxed: 1.625",
  "--line-height-snug: 1.375",
  "--line-height-tight: 1.25",
  "--list-gap: max(var(--nav-base-gap), calc(var(--menu-heading-size) * var(--list-multiplier)))",
  "--list-multiplier: 0.12",
  "--logo-width-sidebar: 120px",
  "--max-width-2xl: 42rem",
  "--max-width-3xl: 48rem",
  "--max-width-4xl: 56rem",
  "--max-width-5xl: 64rem",
  "--max-width-6xl: 72rem",
  "--max-width-7xl: 80rem",
  "--max-width-full: 100%",
  "--max-width-lg: 32rem",
  "--max-width-md: 28rem",
  "--max-width-prose: 65ch",
  "--max-width-screen: 100vw",
  "--max-width-sm: 24rem",
  "--max-width-xl: 36rem",
  "--max-width-xs: 20rem",
  "--menu-border-radius: 1.25rem",
  "--menu-button-size: clamp(2rem, 4vw, 2.5rem)",
  "--menu-gap: max(var(--nav-base-gap), calc(var(--menu-heading-size) * var(--menu-multiplier)))",
  "--menu-heading-size: clamp(2.5rem, 6vw, 4rem)",
  "--menu-height: 100vh",
  "--menu-multiplier: 0.15",
  "--menu-padding: clamp(0.5rem, 2vw, 1rem)",
  "--menu-width-desktop: 35rem",
  "--menu-width-mobile: 100vw",
  "--menu-width-tablet: 32rem",
  "--min-height-textarea-lg: 80px",
  "--min-height-textarea: 60px",
  "--modal-dropdown-item-height: 44px",
  "--modal-edge-padding: 2rem",
  "--modal-max-height: 90vh",
  "--modal-width-lg: 860px",
  "--modal-width-md: 560px",
  "--modal-width-sm: 400px",
  "--modal-width-xl: 1000px",
  "--nav-base-gap: clamp(0.5rem, 1.5vw, 0.8rem)",
  "--notification-badge-offset: 2px",
  "--notification-dropdown-max-height: 420px",
  "--notification-dropdown-mobile-bleed: 10px",
  "--notification-dropdown-width: 320px",
  "--notification-list-max-height: 360px",
  "--opacity-completed: 0.5",
  "--opacity-disabled: 0.5",
  "--opacity-faint: 0.3",
  "--opacity-high: 0.9",
  "--opacity-inactive: 0.4",
  "--opacity-muted: 0.6",
  "--opacity-secondary: 0.8",
  "--opacity-subtle: 0.7",
  "--page-blur-amount: 12px",
  "--panel-min-height-sm: 72px",
  "--pd-dropdown-max-height: 300px",
  "--pd-truncate-filename-max-width: 300px",
  "--portal-alpha-black-04: color-mix(in srgb, black, transparent 96%)",
  "--portal-alpha-black-05: color-mix(in srgb, black, transparent 95%)",
  "--portal-alpha-black-10: color-mix(in srgb, black, transparent 90%)",
  "--portal-alpha-black-15: color-mix(in srgb, black, transparent 85%)",
  "--portal-alpha-black-20: color-mix(in srgb, black, transparent 80%)",
  "--portal-alpha-black-30: color-mix(in srgb, black, transparent 70%)",
  "--portal-alpha-black-40: color-mix(in srgb, black, transparent 60%)",
  "--portal-alpha-black-50: color-mix(in srgb, black, transparent 50%)",
  "--portal-alpha-black-60: color-mix(in srgb, black, transparent 40%)",
  "--portal-alpha-black-70: color-mix(in srgb, black, transparent 30%)",
  "--portal-alpha-black-80: color-mix(in srgb, black, transparent 20%)",
  "--portal-alpha-danger-10: rgba(var(--color-danger-rgb), 0.1)",
  "--portal-alpha-primary-08: rgba(var(--color-accent-rgb), 0.08)",
  "--portal-alpha-primary-10: rgba(var(--color-accent-rgb), 0.1)",
  "--portal-alpha-primary-20: rgba(var(--color-accent-rgb), 0.2)",
  "--portal-alpha-primary-25: rgba(var(--color-accent-rgb), 0.25)",
  "--portal-alpha-success-10: rgba(var(--color-success-rgb), 0.1)",
  "--portal-alpha-success-15: rgba(var(--color-success-rgb), 0.15)",
  "--portal-alpha-success-25: rgba(var(--color-success-rgb), 0.25)",
  "--portal-alpha-warning-10: rgba(var(--color-warning-rgb), 0.1)",
  "--portal-alpha-white-02: color-mix(in srgb, var(--color-text-primary), transparent 98%)",
  "--portal-alpha-white-04: color-mix(in srgb, var(--color-text-primary), transparent 96%)",
  "--portal-alpha-white-05: color-mix(in srgb, var(--color-text-primary), transparent 95%)",
  "--portal-alpha-white-08: color-mix(in srgb, var(--color-text-primary), transparent 92%)",
  "--portal-alpha-white-10: color-mix(in srgb, var(--color-text-primary), transparent 90%)",
  "--portal-alpha-white-15: color-mix(in srgb, var(--color-text-primary), transparent 85%)",
  "--portal-alpha-white-20: color-mix(in srgb, var(--color-text-primary), transparent 80%)",
  "--portal-alpha-white-25: color-mix(in srgb, var(--color-text-primary), transparent 75%)",
  "--portal-alpha-white-30: color-mix(in srgb, var(--color-text-primary), transparent 70%)",
  "--portal-alpha-white-50: color-mix(in srgb, var(--color-text-primary), transparent 50%)",
  "--portal-btn-bg: inherit",
  "--portal-btn-border-bottom-width: 6px",
  "--portal-btn-border-radius: 0",
  "--portal-btn-border-width: 2px",
  "--portal-btn-danger-bg: transparent",
  "--portal-btn-font-family: "Inconsolata", ui-monospace, monospace",
  "--portal-btn-font-size: 0.875rem",
  "--portal-btn-font-weight: 500",
  "--portal-btn-icon-radius: 0",
  "--portal-btn-icon-size-xs: calc(var(--space-3) + var(--space-0-5))",
  "--portal-btn-icon-size: calc(var(--space-4) + var(--space-0-5))",
  "--portal-btn-letter-spacing: -0.02em",
  "--portal-btn-shadow-focus: none",
  "--portal-btn-shadow-hover: none",
  "--portal-btn-shadow: none",
  "--portal-btn-sm-font-size: 0.8rem",
  "--portal-btn-text-transform: uppercase",
  "--portal-btn-transition: all var(--transition-fast)",
  "--portal-files-sidebar-width: 200px",
  "--portal-header-height: calc( 2 * var(--space-5) + var(--space-1) + 2 * var(--space-2) )",
  "--portal-nav-font-size: 1.25rem",
  "--portal-neutral-0: #000000",
  "--portal-neutral-100: #1a1a1a",
  "--portal-neutral-200: #2a2a2a",
  "--portal-neutral-300: #3a3a3a",
  "--portal-neutral-400: #4a4a4a",
  "--portal-neutral-500: #787878",
  "--portal-neutral-50: #0a0a0a",
  "--portal-neutral-600: #a0a0a0",
  "--portal-neutral-700: #c0c0c0",
  "--portal-neutral-800: #e0e0e0",
  "--portal-neutral-900: #f4f4f4",
  "--portal-radius-pill: 0",
  "--portal-subtab-transform: uppercase",
  "--progress-bar-height-lg: 16px",
  "--progress-bar-height-sm: 8px",
  "--progress-bar-height: 12px",
  "--progress-bar-height: 16px",
  "--questionnaire-builder-min-height: 100px",
  "--questionnaire-modal-max-width: 700px",
  "--scrollbar-width: 4px",
  "--search-input-max-width: 20rem",
  "--section-padding: clamp(1rem, 5vw, 2rem)",
  "--select-caret-light: url("data:image/svg+xml,%3Csvg xmlns='http://www.w3.org/2000/svg' width='12' height='12' viewBox='0 0 24 24' fill='none' stroke='%23404040' stroke-width='2.5' stroke-linecap='round' stroke-linejoin='round'%3E%3Cpath d='m6 9 6 6 6-6'/%3E%3C/svg%3E")",
  "--select-caret: url("data:image/svg+xml,%3Csvg xmlns='http://www.w3.org/2000/svg' width='12' height='12' viewBox='0 0 24 24' fill='none' stroke='%23888888' stroke-width='2.5' stroke-linecap='round' stroke-linejoin='round'%3E%3Cpath d='m6 9 6 6 6-6'/%3E%3C/svg%3E")",
  "--shadow-2xl: 0 25px 50px -12px var(--color-shadow-xl)",
  "--shadow-brand-lg: 0 10px 15px -3px rgba(var(--color-brand-primary-rgb), 0.1), 0 4px 6px -4px rgba(var(--color-brand-primary-rgb), 0.06)",
  "--shadow-brand-md: 0 4px 6px -1px rgba(var(--color-brand-primary-rgb), 0.1), 0 2px 4px -2px rgba(var(--color-brand-primary-rgb), 0.1)",
  "--shadow-brand-sm: 0 1px 3px 0 rgba(var(--color-brand-primary-rgb), 0.1), 0 1px 2px -1px rgba(var(--color-brand-primary-rgb), 0.1)",
  "--shadow-button-dark: 6px 6px 12px rgba(0, 0, 0, 0.5), 12px 12px 24px rgba(0, 0, 0, 0.4)",
  "--shadow-button-focus: 0 0 0 3px rgba(var(--color-brand-primary-rgb), 0.2)",
  "--shadow-button-pressed: 8px 8px 16px rgba(0, 0, 0, 0.55), 16px 16px 32px rgba(0, 0, 0, 0.45)",
  "--shadow-button: 6px 6px 12px rgba(0, 0, 0, 0.2), 12px 12px 24px rgba(0, 0, 0, 0.15)",
  "--shadow-card: 1px 0 2px rgba(0, 0, 0, 0.2), 2px 0 6px rgba(0, 0, 0, 0.15), 0 1px 2px rgba(0, 0, 0, 0.2), 0 2px 6px rgba(0, 0, 0, 0.15)",
  "--shadow-content: 2px 2px 8px rgba(0, 0, 0, 0.4), 4px 4px 16px rgba(0, 0, 0, 0.3)",
  "--shadow-dropdown-xl: 0 20px 60px rgba(0, 0, 0, 0.5)",
  "--shadow-dropdown-xl: none",
  "--shadow-dropdown: 4px 0 12px rgba(0, 0, 0, 0.3), -4px 0 12px rgba(0, 0, 0, 0.3), 0 -4px 12px rgba(0, 0, 0, 0.3)",
  "--shadow-dropdown: none",
  "--shadow-elevated-dark: 0 8px 32px rgba(0, 0, 0, 0.75)",
  "--shadow-elevated-lg: 0 8px 32px rgba(0, 0, 0, 0.3)",
  "--shadow-elevated-md: 0 8px 32px rgba(0, 0, 0, 0.1)",
  "--shadow-elevated-sm: 0 4px 12px rgba(0, 0, 0, 0.15)",
  "--shadow-elevated-xl: 0 12px 40px rgba(0, 0, 0, 0.15)",
  "--shadow-error: 0 1px 3px 0 rgba(239, 68, 68, 0.1), 0 1px 2px -1px rgba(239, 68, 68, 0.1)",
  "--shadow-inner: inset 0 2px 4px 0 var(--color-shadow-md)",
  "--shadow-input-error: 0 0 0 3px rgba(239, 68, 68, 0.1), var(--shadow-inner)",
  "--shadow-input-focus: 0 0 0 3px rgba(var(--color-brand-primary-rgb), 0.1), var(--shadow-inner)",
  "--shadow-inset-light: inset 2px 2px 6px rgba(0, 0, 0, 0.3), inset -1px -1px 3px rgba(0, 0, 0, 0.15)",
  "--shadow-inset: inset 2px 2px 6px rgba(0, 0, 0, 0.5), inset -1px -1px 3px rgba(0, 0, 0, 0.3)",
  "--shadow-lg: 0 10px 15px -3px rgba(0, 0, 0, 0.3)",
  "--shadow-lg: 0 10px 15px -3px var(--color-shadow-md), 0 4px 6px -4px var(--color-shadow-sm)",
  "--shadow-md: 0 4px 6px -1px rgba(0, 0, 0, 0.3)",
  "--shadow-md: 0 4px 6px -1px var(--color-shadow-md), 0 2px 4px -2px var(--color-shadow-sm)",
  "--shadow-none: 0 0 #0000",
  "--shadow-panel: 2px 0 4px rgba(0, 0, 0, 0.4), 4px 0 12px rgba(0, 0, 0, 0.3), 0 2px 4px rgba(0, 0, 0, 0.4), 0 4px 12px rgba(0, 0, 0, 0.3), -1px 0 1px rgba(0, 0, 0, 0.3), 0 -1px 1px rgba(0, 0, 0, 0.3)",
  "--shadow-sidebar: 2px 0 4px rgba(0, 0, 0, 0.4), 4px 0 12px rgba(0, 0, 0, 0.3)",
  "--shadow-sm: 0 1px 3px 0 rgba(0, 0, 0, 0.3)",
  "--shadow-sm: 0 1px 3px 0 var(--color-shadow-sm), 0 1px 2px -1px var(--color-shadow-sm)",
  "--shadow-spread: 4px 0 12px rgba(0, 0, 0, 0.3), -4px 0 12px rgba(0, 0, 0, 0.3), 0 4px 12px rgba(0, 0, 0, 0.3)",
  "--shadow-success: 0 1px 3px 0 rgba(16, 185, 129, 0.1), 0 1px 2px -1px rgba(16, 185, 129, 0.1)",
  "--shadow-terminal: 4px 4px 10px rgba(0, 0, 0, 0.3), 0 8px 32px rgba(0, 0, 0, 0.4)",
  "--shadow-warning: 0 1px 3px 0 rgba(245, 158, 11, 0.1), 0 1px 2px -1px rgba(245, 158, 11, 0.1)",
  "--shadow-xl: 0 20px 25px -5px var(--color-shadow-lg), 0 8px 10px -6px var(--color-shadow-sm)",
  "--shadow-xs: 0 1px 2px 0 var(--color-shadow-sm)",
  "--sidebar-icon-indent: calc(var(--space-base) * 2.25)",
  "--sidebar-icon-size: 20px",
  "--sidebar-width-collapsed: 56px",
  "--sidebar-width-default: 280px",
  "--sidebar-width-min: 200px",
  "--sidebar-width-open: 240px",
  "--size-container: min(1200px, 100vw - 2rem)",
  "--space-0-25: calc(var(--space-base) * 0.25)",
  "--space-0-5: calc(var(--space-base) * 0.5)",
  "--space-0: 0",
  "--space-1-5: calc(var(--space-base) * 1.5)",
  "--space-10: calc(var(--space-base) * 10)",
  "--space-11: calc(var(--space-base) * 11)",
  "--space-12: calc(var(--space-base) * 12)",
  "--space-14: calc(var(--space-base) * 14)",
  "--space-16: calc(var(--space-base) * 16)",
  "--space-2-5: calc(var(--space-base) * 2.5)",
  "--space-20: calc(var(--space-base) * 20)",
  "--space-24: calc(var(--space-base) * 24)",
  "--space-28: calc(var(--space-base) * 28)",
  "--space-2: calc(var(--space-base) * 2)",
  "--space-3-5: calc(var(--space-base) * 3.5)",
  "--space-32: calc(var(--space-base) * 32)",
  "--space-3: calc(var(--space-base) * 3)",
  "--space-4-5: calc(var(--space-base) * 4.5)",
  "--space-4: calc(var(--space-base) * 4)",
  "--space-5: calc(var(--space-base) * 5)",
  "--space-6: calc(var(--space-base) * 6)",
  "--space-7: calc(var(--space-base) * 7)",
  "--space-8: calc(var(--space-base) * 8)",
  "--space-9: calc(var(--space-base) * 9)",
  "--space-base: 0.5rem",
  "--space-fluid-2xl: clamp(3rem, 6vw, 4rem)",
  "--space-fluid-lg: clamp(1.5rem, 4vw, 2rem)",
  "--space-fluid-md: clamp(1rem, 3vw, 1.5rem)",
  "--space-fluid-sm: clamp(0.5rem, 2vw, 1rem)",
  "--space-fluid-xl: clamp(2rem, 5vw, 3rem)",
  "--space-fluid-xs: clamp(0.25rem, 1vw, 0.5rem)",
  "--space-neg-px: -1px",
  "--space-px: 1px",
  "--stagger-delay: 0.05s",
  "--stat-card-min-height: 120px",
  "--status-active-bg: rgba(59, 130, 246, 0.15)",
  "--status-active-rgb: 59, 130, 246",
  "--status-active: #3b82f6",
  "--status-cancelled-bg: rgba(239, 68, 68, 0.15)",
  "--status-cancelled-rgb: 239, 68, 68",
  "--status-cancelled: #ef4444",
  "--status-completed-bg: rgba(16, 185, 129, 0.15)",
  "--status-completed-rgb: 16, 185, 129",
  "--status-completed: #10b981",
  "--status-dot-size: 6px",
  "--status-dot-size: 8px",
  "--status-inactive-bg: rgba(107, 114, 128, 0.15)",
  "--status-inactive-rgb: 107, 114, 128",
  "--status-inactive: #6b7280",
  "--status-new-bg: rgba(6, 182, 212, 0.15)",
  "--status-new-rgb: 6, 182, 212",
  "--status-new: #06b6d4",
  "--status-on-hold-bg: rgba(249, 115, 22, 0.15)",
  "--status-on-hold-rgb: 249, 115, 22",
  "--status-on-hold: #f97316",
  "--status-pending-bg: rgba(251, 191, 36, 0.15)",
  "--status-pending-rgb: 251, 191, 36",
  "--status-pending: #fbbf24",
  "--status-qualified-bg: rgba(139, 92, 246, 0.15)",
  "--status-qualified-rgb: 139, 92, 246",
  "--status-qualified: #8b5cf6",
  "--svg-stroke-width: 2.5",
  "--table-bg: transparent",
  "--table-cell-max-width: calc(var(--space-base) * 25)",
  "--table-cell-padding-x: clamp(var(--space-1), 2vw, var(--space-2))",
  "--table-cell-padding-y: clamp(var(--space-0-5), 1vw, var(--space-1-5))",
  "--table-col-lg: calc(var(--space-base) * 25)",
  "--table-col-md: calc(var(--space-base) * 18.75)",
  "--table-col-sm: calc(var(--space-base) * 12.5)",
  "--table-col-xl: calc(var(--space-base) * 35)",
  "--table-col-xs: calc(var(--space-base) * 7.5)",
  "--table-compact-max-width: calc(var(--space-base) * 15)",
  "--table-identity-max-width: calc(var(--space-base) * 27.5)",
  "--table-mobile-label-width: 48%",
  "--table-name-max-width: calc(var(--space-base) * 31.25)",
  "--table-pagination-btn-size-touch: calc(var(--space-base) * 5.5)",
  "--table-sort-indicator-size: calc(var(--icon-size-xs) - var(--border-width))",
  "--table-truncate-max-width: calc(var(--space-base) * 37.5)",
  "--tasks-kanban-board-offset: 280px",
  "--tasks-kanban-column-min-width: 200px",
  "--tasks-kanban-column-offset: 320px",
  "--tasks-progress-track-max-width: 200px",
  "--tasks-textarea-min-height: 60px",
  "--terminal-font-family: "Menlo", "Monaco", "Consolas", "Liberation Mono", "Courier New", monospace",
  "--terminal-line-height: 1.7",
  "--theme-button-size: clamp(2rem, 4vw, 2.5rem)",
  "--toast-max-width: 400px",
  "--toast-min-width: 250px",
  "--tooltip-arrow-size: 6px",
  "--tooltip-max-width-sm: 250px",
  "--tooltip-max-width: 280px",
  "--transform-scale-press: 0.95",
  "--transition-enter: 0.3s",
  "--transition-exit: 0.2s",
  "--transition-fast: 0.2s ease",
  "--transition-faster: 0.15s ease",
  "--transition-length: 0.5s",
  "--transition-long: 0.8s",
  "--transition-medium: 0.3s ease",
  "--transition-mouse: 0.2s",
  "--transition-normal: 0.3s",
  "--transition-slow: 0.4s ease",
  "--transition-slower: 0.5s ease",
  "--transition-theme: 0.4s",
  "--z-index-0: 0",
  "--z-index-10: 10",
  "--z-index-1: 1",
  "--z-index-20: 20",
  "--z-index-30: 30",
  "--z-index-40: 40",
  "--z-index-50: 50",
  "--z-index-base: 0",
  "--z-index-behind: -1",
  "--z-index-business-card-modal: 500",
  "--z-index-business-card-overlay: 400",
  "--z-index-business-card: 50",
  "--z-index-content: 1",
  "--z-index-debug: 10000",
  "--z-index-dropdown: 100",
  "--z-index-elevated: 10",
  "--z-index-fixed: 300",
  "--z-index-footer: 50",
  "--z-index-intro: 998",
  "--z-index-loading: 999",
  "--z-index-max: 999",
  "--z-index-modal-backdrop: 400",
  "--z-index-modal: 500",
  "--z-index-nav-backdrop: 90",
  "--z-index-nav-dropdown: 110",
  "--z-index-nav-header: 130",
  "--z-index-nav-menu-content: 125",
  "--z-index-nav-menu: 120",
  "--z-index-nav-overlay: 115",
  "--z-index-nav: 100",
  "--z-index-overlay: 900",
  "--z-index-popover: 600",
  "--z-index-portal-base: 9000",
  "--z-index-portal-confirm: 9900",
  "--z-index-portal-dropdown: 9700",
  "--z-index-portal-header: 9100",
  "--z-index-portal-modal: 9600",
  "--z-index-portal-overlay: 9500",
  "--z-index-portal-sidebar: 9200",
  "--z-index-portal-toast: 9800",
  "--z-index-skip-link: 9999",
  "--z-index-sticky: 200",
  "--z-index-toast: 800",
  "--z-index-tooltip: 700",
]
`;

exports[`design system tokens > keeps every token file accounted for 1`] = `
[
  "animations.css",
  "borders.css",
  "breakpoints.css",
  "buttons.css",
  "colors.css",
  "dimensions.css",
  "portal-theme.css",
  "shadows.css",
  "spacing.css",
  "typography.css",
  "z-index.css",
]
`;
